TLC2 Version 2.19 of 08 August 2024 (rev: 5a47802)
Warning: Please run the Java VM which executes TLC with a throughput optimized garbage collector by passing the "-XX:+UseParallelGC" property.
(Use the -nowarning option to disable this warning.)
Running breadth-first search Model-Checking with fp 62 and seed -4976919515566048411 with 1 worker on 8 cores with 1724MB heap and 64MB offheap memory [pid: 4373] (Linux 5.15.167.4-microsoft-standard-WSL2 amd64, Ubuntu 21.0.11 x86_64, MSBDiskFPSet, DiskStateQueue).
Parsing file /mnt/c/Users/pakhol/Desktop/GitHub Project (RAG Runtime Kernel)/GIT WORKTREES/rag-runtime-kernel/formal/IntentFidelityGate.tla
Parsing file /tmp/Naturals.tla
Semantic processing of module Naturals
Semantic processing of module IntentFidelityGate
Starting... (2026-07-26 09:03:01)
Computing initial states...
Computed 2 initial states...
Finished computing initial states: 4 distinct states generated at 2026-07-26 09:03:01.
Model checking completed. No error has been found.
  Estimates of the probability that TLC did not check all reachable states
  because two distinct states had the same fingerprint:
  calculated (optimistic):  val = 8.7E-19
8 states generated, 4 distinct states found, 0 states left on queue.
The depth of the complete state graph search is 1.
The average outdegree of the complete state graph is 0 (minimum is 0, the maximum 0 and the 95th percentile is 0).
Finished in 01s at (2026-07-26 09:03:01)
